Copyright 1986-2014 Xilinx, Inc. All Rights Reserved.
-----------------------------------------------------------------------------------------------------------------------------
| Tool Version : Vivado v.2014.4 (win64) Build 1071353 Tue Nov 18 18:29:27 MST 2014
| Date         : Mon Jul 20 18:25:50 2015
| Host         : HP running 64-bit major release  (build 9200)
| Command      : report_utilization -file design_1_wrapper_utilization_placed.rpt -pb design_1_wrapper_utilization_placed.pb
| Design       : design_1_wrapper
| Device       : xc7z020
| Design State : Fully Placed
-----------------------------------------------------------------------------------------------------------------------------

Utilization Design Information

Table of Contents
-----------------
1. Slice Logic
1.1 Summary of Registers by Type
2. Slice Logic Distribution
3. Memory
4. DSP
5. IO and GT Specific
6. Clocking
7. Specific Feature
8. Primitives
9. Black Boxes
10. Instantiated Netlists

1. Slice Logic
--------------

+----------------------------+-------+-------+-----------+-------+
|          Site Type         |  Used | Fixed | Available | Util% |
+----------------------------+-------+-------+-----------+-------+
| Slice LUTs                 | 12553 |     0 |     53200 | 23.59 |
|   LUT as Logic             | 11854 |     0 |     53200 | 22.28 |
|   LUT as Memory            |   699 |     0 |     17400 |  4.01 |
|     LUT as Distributed RAM |     0 |     0 |           |       |
|     LUT as Shift Register  |   699 |     0 |           |       |
| Slice Registers            | 10505 |     0 |    106400 |  9.87 |
|   Register as Flip Flop    | 10505 |     0 |    106400 |  9.87 |
|   Register as Latch        |     0 |     0 |    106400 |  0.00 |
| F7 Muxes                   |   515 |     0 |     26600 |  1.93 |
| F8 Muxes                   |   256 |     0 |     13300 |  1.92 |
+----------------------------+-------+-------+-----------+-------+


1.1 Summary of Registers by Type
--------------------------------

+-------+--------------+-------------+--------------+
| Total | Clock Enable | Synchronous | Asynchronous |
+-------+--------------+-------------+--------------+
| 0     |            _ |           - |            - |
| 0     |            _ |           - |          Set |
| 0     |            _ |           - |        Reset |
| 0     |            _ |         Set |            - |
| 0     |            _ |       Reset |            - |
| 0     |          Yes |           - |            - |
| 0     |          Yes |           - |          Set |
| 0     |          Yes |           - |        Reset |
| 105   |          Yes |         Set |            - |
| 10400 |          Yes |       Reset |            - |
+-------+--------------+-------------+--------------+


2. Slice Logic Distribution
---------------------------

+-------------------------------------------------------------+-----------+-------+-----------+-------+
|                          Site Type                          |    Used   | Fixed | Available | Util% |
+-------------------------------------------------------------+-----------+-------+-----------+-------+
| Slice                                                       |      4018 |     0 |     13300 | 30.21 |
|   SLICEL                                                    |      2487 |     0 |           |       |
|   SLICEM                                                    |      1531 |     0 |           |       |
| LUT as Logic                                                |     11854 |     0 |     53200 | 22.28 |
|   using O5 output only                                      |         1 |       |           |       |
|   using O6 output only                                      |     11001 |       |           |       |
|   using O5 and O6                                           |       852 |       |           |       |
| LUT as Memory                                               |       699 |     0 |     17400 |  4.01 |
|   LUT as Distributed RAM                                    |         0 |     0 |           |       |
|   LUT as Shift Register                                     |       699 |     0 |           |       |
|     using O5 output only                                    |         0 |       |           |       |
|     using O6 output only                                    |       181 |       |           |       |
|     using O5 and O6                                         |       518 |       |           |       |
| LUT Flip Flop Pairs                                         |     13822 |     0 |     53200 | 25.98 |
|   fully used LUT-FF pairs                                   |      8042 |       |           |       |
|   LUT-FF pairs with unused LUT                              |      1270 |       |           |       |
|   LUT-FF pairs with unused Flip Flop                        |      4510 |       |           |       |
| Unique Control Sets                                         |        54 |       |           |       |
| Minimum number of registers lost to control set restriction | 135(Lost) |       |           |       |
+-------------------------------------------------------------+-----------+-------+-----------+-------+


3. Memory
---------

+----------------+------+-------+-----------+-------+
|    Site Type   | Used | Fixed | Available | Util% |
+----------------+------+-------+-----------+-------+
| Block RAM Tile |    0 |     0 |       140 |  0.00 |
|   RAMB36/FIFO* |    0 |     0 |       140 |  0.00 |
|   RAMB18       |    0 |     0 |       280 |  0.00 |
+----------------+------+-------+-----------+-------+
* Note: Each Block RAM Tile only has one FIFO logic available and therefore can accommodate only one FIFO36E1 or one FIFO18E1. However, if a FIFO18E1 occupies a Block RAM Tile, that tile can still accommodate a RAMB18E1


4. DSP
------

+----------------+------+-------+-----------+-------+
|    Site Type   | Used | Fixed | Available | Util% |
+----------------+------+-------+-----------+-------+
| DSPs           |  192 |     0 |       220 | 87.27 |
|   DSP48E1 only |  192 |       |           |       |
+----------------+------+-------+-----------+-------+


5. IO and GT Specific
---------------------

+-----------------------------+------+-------+-----------+--------+
|          Site Type          | Used | Fixed | Available |  Util% |
+-----------------------------+------+-------+-----------+--------+
| Bonded IOB                  |    8 |     8 |       200 |   4.00 |
|   IOB Master Pads           |    4 |       |           |        |
|   IOB Slave Pads            |    2 |       |           |        |
| Bonded IPADs                |    0 |     0 |         2 |   0.00 |
| Bonded IOPADs               |  130 |   130 |       130 | 100.00 |
| PHY_CONTROL                 |    0 |     0 |         4 |   0.00 |
| PHASER_REF                  |    0 |     0 |         4 |   0.00 |
| OUT_FIFO                    |    0 |     0 |        16 |   0.00 |
| IN_FIFO                     |    0 |     0 |        16 |   0.00 |
| IDELAYCTRL                  |    0 |     0 |         4 |   0.00 |
| IBUFGDS                     |    0 |     0 |       192 |   0.00 |
| PHASER_OUT/PHASER_OUT_PHY   |    0 |     0 |        16 |   0.00 |
| PHASER_IN/PHASER_IN_PHY     |    0 |     0 |        16 |   0.00 |
| IDELAYE2/IDELAYE2_FINEDELAY |    0 |     0 |       200 |   0.00 |
| ILOGIC                      |    0 |     0 |       200 |   0.00 |
| OLOGIC                      |    0 |     0 |       200 |   0.00 |
+-----------------------------+------+-------+-----------+--------+


6. Clocking
-----------

+------------+------+-------+-----------+-------+
|  Site Type | Used | Fixed | Available | Util% |
+------------+------+-------+-----------+-------+
| BUFGCTRL   |    1 |     0 |        32 |  3.12 |
| BUFIO      |    0 |     0 |        16 |  0.00 |
| MMCME2_ADV |    0 |     0 |         4 |  0.00 |
| PLLE2_ADV  |    0 |     0 |         4 |  0.00 |
| BUFMRCE    |    0 |     0 |         8 |  0.00 |
| BUFHCE     |    0 |     0 |        72 |  0.00 |
| BUFR       |    0 |     0 |        16 |  0.00 |
+------------+------+-------+-----------+-------+


7. Specific Feature
-------------------

+-------------+------+-------+-----------+-------+
|  Site Type  | Used | Fixed | Available | Util% |
+-------------+------+-------+-----------+-------+
| BSCANE2     |    0 |     0 |         4 |  0.00 |
| CAPTUREE2   |    0 |     0 |         1 |  0.00 |
| DNA_PORT    |    0 |     0 |         1 |  0.00 |
| EFUSE_USR   |    0 |     0 |         1 |  0.00 |
| FRAME_ECCE2 |    0 |     0 |         1 |  0.00 |
| ICAPE2      |    0 |     0 |         2 |  0.00 |
| STARTUPE2   |    0 |     0 |         1 |  0.00 |
| XADC        |    0 |     0 |         1 |  0.00 |
+-------------+------+-------+-----------+-------+


8. Primitives
-------------

+----------+-------+----------------------+
| Ref Name |  Used |  Functional Category |
+----------+-------+----------------------+
| FDRE     | 10400 |         Flop & Latch |
| LUT4     |  4902 |                  LUT |
| LUT2     |  2928 |                  LUT |
| LUT3     |  2580 |                  LUT |
| LUT6     |  1608 |                  LUT |
| CARRY4   |  1357 |           CarryLogic |
| SRL16E   |  1156 |   Distributed Memory |
| LUT5     |   565 |                  LUT |
| MUXF7    |   515 |                MuxFx |
| MUXF8    |   256 |                MuxFx |
| DSP48E1  |   192 |     Block Arithmetic |
| BIBUF    |   130 |                   IO |
| LUT1     |   123 |                  LUT |
| FDSE     |   105 |         Flop & Latch |
| SRLC32E  |    61 |   Distributed Memory |
| IBUF     |     8 |                   IO |
| PS7      |     1 | Specialized Resource |
| BUFG     |     1 |                Clock |
+----------+-------+----------------------+


9. Black Boxes
--------------

+----------+------+
| Ref Name | Used |
+----------+------+


10. Instantiated Netlists
-------------------------

+----------+------+
| Ref Name | Used |
+----------+------+
| design_1 |    1 |
+----------+------+


